Command: go vet -mod=readonly ./...
Exit: 1
go: downloading github.com/labstack/echo/v5 v5.2.1
go: downloading golang.org/x/crypto v0.57.0
go: downloading github.com/golang-migrate/migrate/v4 v4.19.1
go: downloading gorm.io/gorm v1.31.1
go: downloading gorm.io/driver/postgres v1.6.0
go: downloading github.com/golang-jwt/jwt/v5 v5.3.1
go: downloading github.com/go-playground/validator/v10 v10.30.3
api/rest/server.go:14:2: github.com/labstack/echo/v5@v5.2.1: Get "https://proxy.golang.org/github.com/labstack/echo/v5/@v/v5.2.1.zip": dial tcp: lookup proxy.golang.org: no such host
api/rest/server.go:15:2: github.com/labstack/echo/v5@v5.2.1: Get "https://proxy.golang.org/github.com/labstack/echo/v5/@v/v5.2.1.zip": dial tcp: lookup proxy.golang.org: no such host
api/validator/validator.go:8:2: github.com/go-playground/validator/v10@v10.30.3: Get "https://proxy.golang.org/github.com/go-playground/validator/v10/@v/v10.30.3.zip": dial tcp: lookup proxy.golang.org: no such host
domain/user/user.go:9:2: golang.org/x/crypto@v0.57.0: Get "https://proxy.golang.org/golang.org/x/crypto/@v/v0.57.0.zip": dial tcp: lookup proxy.golang.org: no such host
db/gorm/db.go:9:2: github.com/golang-migrate/migrate/v4@v4.19.1: Get "https://proxy.golang.org/github.com/golang-migrate/migrate/v4/@v/v4.19.1.zip": dial tcp: lookup proxy.golang.org: no such host
db/gorm/db.go:10:2: github.com/golang-migrate/migrate/v4@v4.19.1: Get "https://proxy.golang.org/github.com/golang-migrate/migrate/v4/@v/v4.19.1.zip": dial tcp: lookup proxy.golang.org: no such host
db/gorm/db.go:11:2: github.com/golang-migrate/migrate/v4@v4.19.1: Get "https://proxy.golang.org/github.com/golang-migrate/migrate/v4/@v/v4.19.1.zip": dial tcp: lookup proxy.golang.org: no such host
db/gorm/db.go:12:2: gorm.io/driver/postgres@v1.6.0: Get "https://proxy.golang.org/gorm.io/driver/postgres/@v/v1.6.0.zip": dial tcp: lookup proxy.golang.org: no such host
db/gorm/db.go:13:2: gorm.io/gorm@v1.31.1: Get "https://proxy.golang.org/gorm.io/gorm/@v/v1.31.1.zip": dial tcp: lookup proxy.golang.org: no such host
db/gorm/pricing_repository.go:9:2: gorm.io/gorm@v1.31.1: Get "https://proxy.golang.org/gorm.io/gorm/@v/v1.31.1.zip": dial tcp: lookup proxy.golang.org: no such host
db/gorm/db.go:14:2: gorm.io/gorm@v1.31.1: Get "https://proxy.golang.org/gorm.io/gorm/@v/v1.31.1.zip": dial tcp: lookup proxy.golang.org: no such host
service/auth/jwt/client.go:13:2: github.com/golang-jwt/jwt/v5@v5.3.1: Get "https://proxy.golang.org/github.com/golang-jwt/jwt/v5/@v/v5.3.1.zip": dial tcp: lookup proxy.golang.org: no such host
