{"time":"2026-10-04T12:56:04.736792+05:30","level":"INFO","msg":"server started","address":":8090","processing_interval":300000000000,"batch_size":500}
{"time":"2026-10-04T12:56:19.988806+05:30","level":"INFO","msg":"request completed","method":"POST","route":"/api/v1/auth/login","status":200,"duration":57926333,"request_id":"0c4f6112-b4bf-4ccf-a62a-5b9f0414d3b6"}
{"time":"2026-10-04T12:56:20.051718+05:30","level":"INFO","msg":"request completed","method":"POST","route":"/api/v1/auth/register","status":201,"duration":52293541,"request_id":"66253260-c358-4e0b-8399-2befa2e82f42"}
{"time":"2026-10-04T12:56:20.066967+05:30","level":"INFO","msg":"mutation","action":"product.create","resource_id":"01a105ce-79a1-786c-a824-ae1b24b6218e","outcome":"committed","status":"","request_id":"7e5c948b-48d6-4e31-8ce6-349341a5e46e","actor_id":"01a105cc-6dc9-744d-9a33-1eaa48e577b0"}
{"time":"2026-10-04T12:56:20.067001+05:30","level":"INFO","msg":"request completed","method":"POST","route":"/api/v1/products","status":201,"duration":5484625,"request_id":"7e5c948b-48d6-4e31-8ce6-349341a5e46e","actor_id":"01a105cc-6dc9-744d-9a33-1eaa48e577b0"}
{"time":"2026-10-04T12:56:20.085327+05:30","level":"INFO","msg":"request completed","method":"GET","route":"/api/v1/ready","status":200,"duration":747458,"request_id":"2ee7bfe1-7f94-487c-b832-a2f5a8434b12"}
{"time":"2026-10-04T12:57:17.859041+05:30","level":"INFO","msg":"mutation","action":"order.create","resource_id":"01a105cf-5b4c-7c58-8160-2f6a72d60a10","outcome":"committed","status":"PENDING","request_id":"351e9bc8-9b3f-4a7a-bc82-a562e5ed50bf","actor_id":"01a105ce-798f-75b8-adf7-02dc7554d39e"}
{"time":"2026-10-04T12:57:17.85912+05:30","level":"INFO","msg":"request completed","method":"POST","route":"/api/v1/orders","status":201,"duration":25591458,"request_id":"351e9bc8-9b3f-4a7a-bc82-a562e5ed50bf","actor_id":"01a105ce-798f-75b8-adf7-02dc7554d39e"}
{"time":"2026-10-04T12:57:17.875218+05:30","level":"INFO","msg":"mutation","action":"order.create","resource_id":"01a105cf-5b72-74ed-9308-337a9af1b8d8","outcome":"committed","status":"PENDING","request_id":"70611134-ace9-406c-ac9e-05d0bbcc395e","actor_id":"01a105ce-798f-75b8-adf7-02dc7554d39e"}
{"time":"2026-10-04T12:57:17.875243+05:30","level":"INFO","msg":"request completed","method":"POST","route":"/api/v1/orders","status":201,"duration":2021959,"request_id":"70611134-ace9-406c-ac9e-05d0bbcc395e","actor_id":"01a105ce-798f-75b8-adf7-02dc7554d39e"}
{"time":"2026-10-04T12:57:17.901603+05:30","level":"INFO","msg":"mutation","action":"order.cancel","resource_id":"01a105cf-5b72-74ed-9308-337a9af1b8d8","outcome":"committed","status":"CANCELLED","request_id":"e7a5719e-1d6b-441c-a19a-13f2cacb2630","actor_id":"01a105ce-798f-75b8-adf7-02dc7554d39e"}
{"time":"2026-10-04T12:57:17.901632+05:30","level":"INFO","msg":"request completed","method":"POST","route":"/api/v1/orders/:id/cancel","status":200,"duration":2962416,"request_id":"e7a5719e-1d6b-441c-a19a-13f2cacb2630","actor_id":"01a105ce-798f-75b8-adf7-02dc7554d39e"}
{"time":"2026-10-04T12:57:17.914287+05:30","level":"INFO","msg":"mutation","action":"order.create","resource_id":"01a105cf-5b99-7660-9077-f2397684ef64","outcome":"committed","status":"PENDING","request_id":"b37e3b79-975f-4e19-aa1f-392f8d797d15","actor_id":"01a105ce-798f-75b8-adf7-02dc7554d39e"}
{"time":"2026-10-04T12:57:17.91432+05:30","level":"INFO","msg":"request completed","method":"POST","route":"/api/v1/orders","status":201,"duration":1923000,"request_id":"b37e3b79-975f-4e19-aa1f-392f8d797d15","actor_id":"01a105ce-798f-75b8-adf7-02dc7554d39e"}
{"time":"2026-10-04T12:57:17.93893+05:30","level":"INFO","msg":"request completed","method":"GET","route":"/api/v1/orders/:id","status":200,"duration":884833,"request_id":"2bca7659-8a04-4ee4-9418-b67bcc34d7d1","actor_id":"01a105ce-798f-75b8-adf7-02dc7554d39e"}
{"time":"2026-10-04T12:57:17.967951+05:30","level":"INFO","msg":"request completed","method":"GET","route":"/api/v1/orders/:id","status":200,"duration":1254125,"request_id":"12f66f42-4a28-45c4-8b88-49147a49545f","actor_id":"01a105ce-798f-75b8-adf7-02dc7554d39e"}
{"time":"2026-10-04T12:57:17.993265+05:30","level":"INFO","msg":"mutation","action":"order.create","resource_id":"01a105cf-5be8-72d6-8e85-54a750b3c2b2","outcome":"committed","status":"PENDING","request_id":"018bee9b-9420-422a-afad-4283a5c961a4","actor_id":"01a105ce-798f-75b8-adf7-02dc7554d39e"}
{"time":"2026-10-04T12:57:17.993285+05:30","level":"INFO","msg":"request completed","method":"POST","route":"/api/v1/orders","status":201,"duration":3008667,"request_id":"018bee9b-9420-422a-afad-4283a5c961a4","actor_id":"01a105ce-798f-75b8-adf7-02dc7554d39e"}
{"time":"2026-10-04T12:57:18.016166+05:30","level":"INFO","msg":"request completed","method":"GET","route":"/api/v1/orders/:id","status":200,"duration":952917,"request_id":"2f7e7129-82e3-4afe-a741-6a5cd74fef86","actor_id":"01a105ce-798f-75b8-adf7-02dc7554d39e"}
{"time":"2026-10-04T12:57:18.040396+05:30","level":"INFO","msg":"request completed","method":"GET","route":"/api/v1/orders/:id","status":200,"duration":874750,"request_id":"b86d0836-8ef4-4f0c-b6ec-da0d85774f37","actor_id":"01a105ce-798f-75b8-adf7-02dc7554d39e"}
{"time":"2026-10-04T12:57:18.064354+05:30","level":"INFO","msg":"request completed","method":"GET","route":"/api/v1/orders/:id","status":200,"duration":1082958,"request_id":"e886835e-30d1-4111-b65f-bb5d179d88fc","actor_id":"01a105ce-798f-75b8-adf7-02dc7554d39e"}
{"time":"2026-10-04T12:57:18.087072+05:30","level":"INFO","msg":"request completed","method":"GET","route":"/api/v1/orders/:id","status":200,"duration":773834,"request_id":"8e182f1d-afc1-4776-a85e-f9bf259051e4","actor_id":"01a105ce-798f-75b8-adf7-02dc7554d39e"}
{"time":"2026-10-04T12:57:18.113723+05:30","level":"INFO","msg":"mutation","action":"order.create","resource_id":"01a105cf-5c60-7e67-bafd-737b8d381f4e","outcome":"committed","status":"PENDING","request_id":"20e5d312-a678-463a-838b-f4b5085d10fe","actor_id":"01a105ce-798f-75b8-adf7-02dc7554d39e"}
{"time":"2026-10-04T12:57:18.113744+05:30","level":"INFO","msg":"request completed","method":"POST","route":"/api/v1/orders","status":201,"duration":2006917,"request_id":"20e5d312-a678-463a-838b-f4b5085d10fe","actor_id":"01a105ce-798f-75b8-adf7-02dc7554d39e"}
{"time":"2026-10-04T12:57:18.139533+05:30","level":"INFO","msg":"mutation","action":"order.cancel","resource_id":"01a105cf-5b4c-7c58-8160-2f6a72d60a10","outcome":"committed","status":"CANCELLED","request_id":"c274f032-f1e9-4d5b-9f5c-94392bcac180","actor_id":"01a105ce-798f-75b8-adf7-02dc7554d39e"}
{"time":"2026-10-04T12:57:18.139567+05:30","level":"INFO","msg":"request completed","method":"POST","route":"/api/v1/orders/:id/cancel","status":200,"duration":1210667,"request_id":"c274f032-f1e9-4d5b-9f5c-94392bcac180","actor_id":"01a105ce-798f-75b8-adf7-02dc7554d39e"}
{"time":"2026-10-04T12:57:18.148047+05:30","level":"INFO","msg":"request completed","method":"GET","route":"/api/v1/orders/:id","status":200,"duration":858000,"request_id":"a4784f3a-31a6-44d0-8252-fd1d54612cf6","actor_id":"01a105ce-798f-75b8-adf7-02dc7554d39e"}
{"time":"2026-10-04T12:57:31.243312+05:30","level":"INFO","msg":"request completed","method":"GET","route":"/api/v1/orders/:id","status":200,"duration":4041000,"request_id":"57a44d8f-279d-4519-a1dc-02fa76d90d9d","actor_id":"01a105ce-798f-75b8-adf7-02dc7554d39e"}
{"time":"2026-10-04T12:57:31.276744+05:30","level":"INFO","msg":"request completed","method":"GET","route":"/api/v1/orders/:id","status":200,"duration":630708,"request_id":"2e52758f-0b4a-41a0-bc88-ecb9d203baea","actor_id":"01a105ce-798f-75b8-adf7-02dc7554d39e"}
{"time":"2026-10-04T12:57:31.304178+05:30","level":"INFO","msg":"request completed","method":"GET","route":"/api/v1/orders/:id","status":200,"duration":704083,"request_id":"bf5bdd48-8f50-4fe8-865f-54c53a1134d6","actor_id":"01a105ce-798f-75b8-adf7-02dc7554d39e"}
{"time":"2026-10-04T12:57:31.329084+05:30","level":"INFO","msg":"request completed","method":"GET","route":"/api/v1/orders/:id","status":200,"duration":673792,"request_id":"727b9841-89a0-4d9e-93c8-c59e11c4175e","actor_id":"01a105ce-798f-75b8-adf7-02dc7554d39e"}
{"time":"2026-10-04T12:57:31.355755+05:30","level":"INFO","msg":"request completed","method":"GET","route":"/api/v1/orders/:id","status":200,"duration":760542,"request_id":"3dcbfa16-77b2-42fb-96eb-8d968eda2b8d","actor_id":"01a105ce-798f-75b8-adf7-02dc7554d39e"}
{"time":"2026-10-04T12:57:46.408018+05:30","level":"INFO","msg":"request completed","method":"GET","route":"/api/v1/orders/:id","status":200,"duration":4907542,"request_id":"a351088f-2a01-45f0-af89-5aecafd93d51","actor_id":"01a105ce-798f-75b8-adf7-02dc7554d39e"}
{"time":"2026-10-04T12:57:46.431697+05:30","level":"INFO","msg":"request completed","method":"GET","route":"/api/v1/orders/:id","status":200,"duration":1109375,"request_id":"60568e69-0917-4013-bb4c-cbfea4a6cc4b","actor_id":"01a105ce-798f-75b8-adf7-02dc7554d39e"}
{"time":"2026-10-04T12:57:46.459811+05:30","level":"INFO","msg":"request completed","method":"GET","route":"/api/v1/orders/:id","status":200,"duration":2670750,"request_id":"10e7e03d-4139-4ef3-b8e8-2332518febdf","actor_id":"01a105ce-798f-75b8-adf7-02dc7554d39e"}
{"time":"2026-10-04T12:57:46.482001+05:30","level":"INFO","msg":"request completed","method":"GET","route":"/api/v1/orders/:id","status":200,"duration":829916,"request_id":"638e916a-7a29-43b6-b2c7-10f691b7b7e6","actor_id":"01a105ce-798f-75b8-adf7-02dc7554d39e"}
{"time":"2026-10-04T12:57:46.505023+05:30","level":"INFO","msg":"request completed","method":"GET","route":"/api/v1/orders/:id","status":200,"duration":618959,"request_id":"e81b792c-a6cd-4556-8e41-035f225e5ac8","actor_id":"01a105ce-798f-75b8-adf7-02dc7554d39e"}
{"time":"2026-10-04T12:58:01.546019+05:30","level":"INFO","msg":"request completed","method":"GET","route":"/api/v1/orders/:id","status":200,"duration":1270958,"request_id":"93b3c1ee-f36e-44f1-ad70-4c0588563c10","actor_id":"01a105ce-798f-75b8-adf7-02dc7554d39e"}
{"time":"2026-10-04T12:58:01.583532+05:30","level":"INFO","msg":"request completed","method":"GET","route":"/api/v1/orders/:id","status":200,"duration":811833,"request_id":"02f02c75-a977-49fb-b28b-9cbd52fe7473","actor_id":"01a105ce-798f-75b8-adf7-02dc7554d39e"}
{"time":"2026-10-04T12:58:01.609095+05:30","level":"INFO","msg":"request completed","method":"GET","route":"/api/v1/orders/:id","status":200,"duration":1138875,"request_id":"d4d86ac2-b217-48d3-8eb1-8eb5eb0c3e0d","actor_id":"01a105ce-798f-75b8-adf7-02dc7554d39e"}
{"time":"2026-10-04T12:58:01.631714+05:30","level":"INFO","msg":"request completed","method":"GET","route":"/api/v1/orders/:id","status":200,"duration":630375,"request_id":"3b44d8f7-f7db-4478-ad1d-5916a18f15d2","actor_id":"01a105ce-798f-75b8-adf7-02dc7554d39e"}
{"time":"2026-10-04T12:58:01.655094+05:30","level":"INFO","msg":"request completed","method":"GET","route":"/api/v1/orders/:id","status":200,"duration":730916,"request_id":"49b07547-f236-4c67-89fb-f01efc182ad1","actor_id":"01a105ce-798f-75b8-adf7-02dc7554d39e"}
{"time":"2026-10-04T12:58:16.699861+05:30","level":"INFO","msg":"request completed","method":"GET","route":"/api/v1/orders/:id","status":200,"duration":2063583,"request_id":"e6b223b4-a196-4e49-a632-c7daf942e8b4","actor_id":"01a105ce-798f-75b8-adf7-02dc7554d39e"}
{"time":"2026-10-04T12:58:16.740265+05:30","level":"INFO","msg":"request completed","method":"GET","route":"/api/v1/orders/:id","status":200,"duration":732334,"request_id":"7e70a418-489a-4581-97f9-7b25fb0b2773","actor_id":"01a105ce-798f-75b8-adf7-02dc7554d39e"}
{"time":"2026-10-04T12:58:16.773795+05:30","level":"INFO","msg":"request completed","method":"GET","route":"/api/v1/orders/:id","status":200,"duration":895083,"request_id":"05ab44b4-39b1-4e32-8305-e0d7759b51ef","actor_id":"01a105ce-798f-75b8-adf7-02dc7554d39e"}
{"time":"2026-10-04T12:58:16.799811+05:30","level":"INFO","msg":"request completed","method":"GET","route":"/api/v1/orders/:id","status":200,"duration":758959,"request_id":"2698d195-dfa5-427d-aabc-df1a5a26ff46","actor_id":"01a105ce-798f-75b8-adf7-02dc7554d39e"}
{"time":"2026-10-04T12:58:16.825115+05:30","level":"INFO","msg":"request completed","method":"GET","route":"/api/v1/orders/:id","status":200,"duration":814000,"request_id":"33b5ac96-7420-4527-96fe-3bff011aae60","actor_id":"01a105ce-798f-75b8-adf7-02dc7554d39e"}
{"time":"2026-10-04T12:58:31.882266+05:30","level":"INFO","msg":"request completed","method":"GET","route":"/api/v1/orders/:id","status":200,"duration":6732916,"request_id":"e6d574f1-328f-4135-a301-471d6ff94c1a","actor_id":"01a105ce-798f-75b8-adf7-02dc7554d39e"}
{"time":"2026-10-04T12:58:31.923697+05:30","level":"INFO","msg":"request completed","method":"GET","route":"/api/v1/orders/:id","status":200,"duration":997333,"request_id":"d7be157d-edcb-42bf-bb07-2100c26c35e5","actor_id":"01a105ce-798f-75b8-adf7-02dc7554d39e"}
{"time":"2026-10-04T12:58:31.947323+05:30","level":"INFO","msg":"request completed","method":"GET","route":"/api/v1/orders/:id","status":200,"duration":667583,"request_id":"60f2437d-f45d-4e81-aeef-f2fdd7bdfa13","actor_id":"01a105ce-798f-75b8-adf7-02dc7554d39e"}
{"time":"2026-10-04T12:58:31.973916+05:30","level":"INFO","msg":"request completed","method":"GET","route":"/api/v1/orders/:id","status":200,"duration":763666,"request_id":"04e5c8bb-ee03-42cd-989c-9f24a6bdb1a2","actor_id":"01a105ce-798f-75b8-adf7-02dc7554d39e"}
{"time":"2026-10-04T12:58:31.998945+05:30","level":"INFO","msg":"request completed","method":"GET","route":"/api/v1/orders/:id","status":200,"duration":903667,"request_id":"0fc6f0a9-1d66-4b48-988a-fbe56ce31270","actor_id":"01a105ce-798f-75b8-adf7-02dc7554d39e"}
{"time":"2026-10-04T12:58:47.04672+05:30","level":"INFO","msg":"request completed","method":"GET","route":"/api/v1/orders/:id","status":200,"duration":1782292,"request_id":"f2d1aa27-2551-4134-8945-108245dd5f7f","actor_id":"01a105ce-798f-75b8-adf7-02dc7554d39e"}
{"time":"2026-10-04T12:58:47.076969+05:30","level":"INFO","msg":"request completed","method":"GET","route":"/api/v1/orders/:id","status":200,"duration":1134042,"request_id":"f86e4d4f-56d9-483e-acb0-1afb446bba49","actor_id":"01a105ce-798f-75b8-adf7-02dc7554d39e"}
{"time":"2026-10-04T12:58:47.103507+05:30","level":"INFO","msg":"request completed","method":"GET","route":"/api/v1/orders/:id","status":200,"duration":819000,"request_id":"afffed4f-9e7e-4cab-8826-f895546ec839","actor_id":"01a105ce-798f-75b8-adf7-02dc7554d39e"}
{"time":"2026-10-04T12:58:47.129159+05:30","level":"INFO","msg":"request completed","method":"GET","route":"/api/v1/orders/:id","status":200,"duration":765417,"request_id":"4444a264-f2f1-44c8-9b00-b0c65794b421","actor_id":"01a105ce-798f-75b8-adf7-02dc7554d39e"}
{"time":"2026-10-04T12:58:47.194727+05:30","level":"INFO","msg":"request completed","method":"GET","route":"/api/v1/orders/:id","status":200,"duration":712000,"request_id":"b20430d1-47e3-4c29-be7b-f56aecf870a1","actor_id":"01a105ce-798f-75b8-adf7-02dc7554d39e"}
{"time":"2026-10-04T12:59:02.278266+05:30","level":"INFO","msg":"request completed","method":"GET","route":"/api/v1/orders/:id","status":200,"duration":2281709,"request_id":"f383a93e-4b6a-4e29-837e-152919157867","actor_id":"01a105ce-798f-75b8-adf7-02dc7554d39e"}
{"time":"2026-10-04T12:59:02.36508+05:30","level":"INFO","msg":"request completed","method":"GET","route":"/api/v1/orders/:id","status":200,"duration":1840667,"request_id":"faa91c48-4c00-488d-ad88-d860b3e901f1","actor_id":"01a105ce-798f-75b8-adf7-02dc7554d39e"}
{"time":"2026-10-04T12:59:02.396262+05:30","level":"INFO","msg":"request completed","method":"GET","route":"/api/v1/orders/:id","status":200,"duration":897458,"request_id":"147622d8-d424-4d28-bf1d-1b4f91af0677","actor_id":"01a105ce-798f-75b8-adf7-02dc7554d39e"}
{"time":"2026-10-04T12:59:02.421545+05:30","level":"INFO","msg":"request completed","method":"GET","route":"/api/v1/orders/:id","status":200,"duration":785833,"request_id":"ea8e0ceb-e82b-47c1-9540-de0b5a09e0f4","actor_id":"01a105ce-798f-75b8-adf7-02dc7554d39e"}
{"time":"2026-10-04T12:59:02.446004+05:30","level":"INFO","msg":"request completed","method":"GET","route":"/api/v1/orders/:id","status":200,"duration":1261042,"request_id":"01cddde5-0d47-40c5-af61-8600a8bd620f","actor_id":"01a105ce-798f-75b8-adf7-02dc7554d39e"}
{"time":"2026-10-04T12:59:17.510435+05:30","level":"INFO","msg":"request completed","method":"GET","route":"/api/v1/orders/:id","status":200,"duration":2797375,"request_id":"f0cb3347-a007-4707-a945-66ea24380ba7","actor_id":"01a105ce-798f-75b8-adf7-02dc7554d39e"}
{"time":"2026-10-04T12:59:17.545029+05:30","level":"INFO","msg":"request completed","method":"GET","route":"/api/v1/orders/:id","status":200,"duration":903291,"request_id":"713587f9-9fff-45f0-b431-be97f17f12f0","actor_id":"01a105ce-798f-75b8-adf7-02dc7554d39e"}
{"time":"2026-10-04T12:59:17.569288+05:30","level":"INFO","msg":"request completed","method":"GET","route":"/api/v1/orders/:id","status":200,"duration":711250,"request_id":"22ea095a-d2af-424b-a5c8-c8ce199f8899","actor_id":"01a105ce-798f-75b8-adf7-02dc7554d39e"}
{"time":"2026-10-04T12:59:17.591923+05:30","level":"INFO","msg":"request completed","method":"GET","route":"/api/v1/orders/:id","status":200,"duration":772125,"request_id":"f81144ed-264e-4015-9a45-5ed6ca2cfa06","actor_id":"01a105ce-798f-75b8-adf7-02dc7554d39e"}
{"time":"2026-10-04T12:59:17.614921+05:30","level":"INFO","msg":"request completed","method":"GET","route":"/api/v1/orders/:id","status":200,"duration":891584,"request_id":"2c5872b0-8a82-4056-9530-cf300da9a728","actor_id":"01a105ce-798f-75b8-adf7-02dc7554d39e"}
{"time":"2026-10-04T12:59:32.715042+05:30","level":"INFO","msg":"request completed","method":"GET","route":"/api/v1/orders/:id","status":200,"duration":38035666,"request_id":"de002b01-9a8c-4d9f-915e-b8bd04352937","actor_id":"01a105ce-798f-75b8-adf7-02dc7554d39e"}
{"time":"2026-10-04T12:59:32.729453+05:30","level":"INFO","msg":"request completed","method":"GET","route":"/api/v1/orders/:id","status":200,"duration":1071833,"request_id":"1e009636-7e9b-45f0-9261-1caca4f5a0d0","actor_id":"01a105ce-798f-75b8-adf7-02dc7554d39e"}
{"time":"2026-10-04T12:59:32.756279+05:30","level":"INFO","msg":"request completed","method":"GET","route":"/api/v1/orders/:id","status":200,"duration":895667,"request_id":"cb94da3d-946f-4617-b2da-bda64753319b","actor_id":"01a105ce-798f-75b8-adf7-02dc7554d39e"}
{"time":"2026-10-04T12:59:32.787079+05:30","level":"INFO","msg":"request completed","method":"GET","route":"/api/v1/orders/:id","status":200,"duration":2214542,"request_id":"95585b3f-8e7d-40c9-b312-1f7d392d49c3","actor_id":"01a105ce-798f-75b8-adf7-02dc7554d39e"}
{"time":"2026-10-04T12:59:32.820286+05:30","level":"INFO","msg":"request completed","method":"GET","route":"/api/v1/orders/:id","status":200,"duration":619791,"request_id":"890eefdd-d287-4988-b2d6-cd3e62cba265","actor_id":"01a105ce-798f-75b8-adf7-02dc7554d39e"}
{"time":"2026-10-04T12:59:47.900949+05:30","level":"INFO","msg":"request completed","method":"GET","route":"/api/v1/orders/:id","status":200,"duration":28001875,"request_id":"c13ba210-f7de-46a2-95ae-726f4bd898ac","actor_id":"01a105ce-798f-75b8-adf7-02dc7554d39e"}
{"time":"2026-10-04T12:59:47.931262+05:30","level":"INFO","msg":"request completed","method":"GET","route":"/api/v1/orders/:id","status":200,"duration":1070250,"request_id":"817e2d80-9700-4ab3-99f4-a4868b283c57","actor_id":"01a105ce-798f-75b8-adf7-02dc7554d39e"}
{"time":"2026-10-04T12:59:47.954856+05:30","level":"INFO","msg":"request completed","method":"GET","route":"/api/v1/orders/:id","status":200,"duration":1044041,"request_id":"5976bbf4-4293-4574-8ded-792275ac619b","actor_id":"01a105ce-798f-75b8-adf7-02dc7554d39e"}
{"time":"2026-10-04T12:59:47.979362+05:30","level":"INFO","msg":"request completed","method":"GET","route":"/api/v1/orders/:id","status":200,"duration":1192916,"request_id":"bda899b3-2da7-41b3-889f-dce2832f9bef","actor_id":"01a105ce-798f-75b8-adf7-02dc7554d39e"}
{"time":"2026-10-04T12:59:48.00287+05:30","level":"INFO","msg":"request completed","method":"GET","route":"/api/v1/orders/:id","status":200,"duration":697750,"request_id":"3df8107b-5f00-4b92-9d6d-85fb5fc3cf11","actor_id":"01a105ce-798f-75b8-adf7-02dc7554d39e"}
{"time":"2026-10-04T13:00:03.083665+05:30","level":"INFO","msg":"request completed","method":"GET","route":"/api/v1/orders/:id","status":200,"duration":18042708,"request_id":"87dfb64b-1ec6-4c72-917d-a677fca3a437","actor_id":"01a105ce-798f-75b8-adf7-02dc7554d39e"}
{"time":"2026-10-04T13:00:03.120052+05:30","level":"INFO","msg":"request completed","method":"GET","route":"/api/v1/orders/:id","status":200,"duration":959583,"request_id":"85d88bd8-a025-447b-8fdc-a059ba88f8de","actor_id":"01a105ce-798f-75b8-adf7-02dc7554d39e"}
{"time":"2026-10-04T13:00:03.144288+05:30","level":"INFO","msg":"request completed","method":"GET","route":"/api/v1/orders/:id","status":200,"duration":712250,"request_id":"1c69a041-6c18-4fd2-b8de-5680fb734870","actor_id":"01a105ce-798f-75b8-adf7-02dc7554d39e"}
{"time":"2026-10-04T13:00:03.197809+05:30","level":"INFO","msg":"request completed","method":"GET","route":"/api/v1/orders/:id","status":200,"duration":914000,"request_id":"3743b439-9291-4cdd-ae5e-81d4974c919f","actor_id":"01a105ce-798f-75b8-adf7-02dc7554d39e"}
{"time":"2026-10-04T13:00:03.222736+05:30","level":"INFO","msg":"request completed","method":"GET","route":"/api/v1/orders/:id","status":200,"duration":553209,"request_id":"203643f2-e5e3-44c9-9ff3-ecd9ed315097","actor_id":"01a105ce-798f-75b8-adf7-02dc7554d39e"}
{"time":"2026-10-04T13:00:18.298595+05:30","level":"INFO","msg":"request completed","method":"GET","route":"/api/v1/orders/:id","status":200,"duration":5207792,"request_id":"0c0e5974-94e1-44af-a3dc-56235a92b652","actor_id":"01a105ce-798f-75b8-adf7-02dc7554d39e"}
{"time":"2026-10-04T13:00:18.356209+05:30","level":"INFO","msg":"request completed","method":"GET","route":"/api/v1/orders/:id","status":200,"duration":964417,"request_id":"0fe8345c-6c1e-475c-aa39-e8cc5cc85548","actor_id":"01a105ce-798f-75b8-adf7-02dc7554d39e"}
{"time":"2026-10-04T13:00:18.38717+05:30","level":"INFO","msg":"request completed","method":"GET","route":"/api/v1/orders/:id","status":200,"duration":838542,"request_id":"a8a44412-1769-4360-8bb0-565c7e03afc7","actor_id":"01a105ce-798f-75b8-adf7-02dc7554d39e"}
{"time":"2026-10-04T13:00:18.414335+05:30","level":"INFO","msg":"request completed","method":"GET","route":"/api/v1/orders/:id","status":200,"duration":1287708,"request_id":"3c2bc33a-405e-453e-983f-ab645d4f62e0","actor_id":"01a105ce-798f-75b8-adf7-02dc7554d39e"}
{"time":"2026-10-04T13:00:18.437613+05:30","level":"INFO","msg":"request completed","method":"GET","route":"/api/v1/orders/:id","status":200,"duration":718625,"request_id":"307f3959-e2ba-4d11-8c43-d9f37e6e04fc","actor_id":"01a105ce-798f-75b8-adf7-02dc7554d39e"}
{"time":"2026-10-04T13:00:33.518473+05:30","level":"INFO","msg":"request completed","method":"GET","route":"/api/v1/orders/:id","status":200,"duration":16955166,"request_id":"bbdaaf60-20a6-42df-8b57-6c705d0fe92f","actor_id":"01a105ce-798f-75b8-adf7-02dc7554d39e"}
{"time":"2026-10-04T13:00:33.550828+05:30","level":"INFO","msg":"request completed","method":"GET","route":"/api/v1/orders/:id","status":200,"duration":797125,"request_id":"70d3d222-38bf-4057-b320-dde6bf216c44","actor_id":"01a105ce-798f-75b8-adf7-02dc7554d39e"}
{"time":"2026-10-04T13:00:33.576478+05:30","level":"INFO","msg":"request completed","method":"GET","route":"/api/v1/orders/:id","status":200,"duration":792459,"request_id":"839f10b6-bc5f-465c-86bc-9ccda9a3baa1","actor_id":"01a105ce-798f-75b8-adf7-02dc7554d39e"}
{"time":"2026-10-04T13:00:33.600855+05:30","level":"INFO","msg":"request completed","method":"GET","route":"/api/v1/orders/:id","status":200,"duration":682500,"request_id":"93ade588-ac6c-419b-b0ea-ae203f2f7649","actor_id":"01a105ce-798f-75b8-adf7-02dc7554d39e"}
{"time":"2026-10-04T13:00:33.625354+05:30","level":"INFO","msg":"request completed","method":"GET","route":"/api/v1/orders/:id","status":200,"duration":653542,"request_id":"2428137e-dc1b-4343-86e7-e2c1f22b6e02","actor_id":"01a105ce-798f-75b8-adf7-02dc7554d39e"}
{"time":"2026-10-04T13:00:48.722196+05:30","level":"INFO","msg":"request completed","method":"GET","route":"/api/v1/orders/:id","status":200,"duration":12939292,"request_id":"74665f1d-3b74-4d84-a0eb-2178707aa241","actor_id":"01a105ce-798f-75b8-adf7-02dc7554d39e"}
{"time":"2026-10-04T13:00:48.764861+05:30","level":"INFO","msg":"request completed","method":"GET","route":"/api/v1/orders/:id","status":200,"duration":846458,"request_id":"39e40630-0c3c-40e5-ab36-5fd9b04be487","actor_id":"01a105ce-798f-75b8-adf7-02dc7554d39e"}
{"time":"2026-10-04T13:00:48.793624+05:30","level":"INFO","msg":"request completed","method":"GET","route":"/api/v1/orders/:id","status":200,"duration":781375,"request_id":"89a51170-c774-493c-86e7-d59fe04bc7dd","actor_id":"01a105ce-798f-75b8-adf7-02dc7554d39e"}
{"time":"2026-10-04T13:00:48.821903+05:30","level":"INFO","msg":"request completed","method":"GET","route":"/api/v1/orders/:id","status":200,"duration":1497458,"request_id":"5710e984-0a32-4f37-911b-b5f50da10c56","actor_id":"01a105ce-798f-75b8-adf7-02dc7554d39e"}
{"time":"2026-10-04T13:00:48.849701+05:30","level":"INFO","msg":"request completed","method":"GET","route":"/api/v1/orders/:id","status":200,"duration":2921666,"request_id":"ac09c25f-792e-4a14-87c5-c2f6ee9b904a","actor_id":"01a105ce-798f-75b8-adf7-02dc7554d39e"}
{"time":"2026-10-04T13:01:03.93684+05:30","level":"INFO","msg":"request completed","method":"GET","route":"/api/v1/orders/:id","status":200,"duration":30113709,"request_id":"e38f027f-4ceb-4dd0-8434-2512ec2042f9","actor_id":"01a105ce-798f-75b8-adf7-02dc7554d39e"}
{"time":"2026-10-04T13:01:03.958456+05:30","level":"INFO","msg":"request completed","method":"GET","route":"/api/v1/orders/:id","status":200,"duration":703375,"request_id":"1b2575fa-9f0f-47c5-acf4-c5083b4f8b26","actor_id":"01a105ce-798f-75b8-adf7-02dc7554d39e"}
{"time":"2026-10-04T13:01:03.983936+05:30","level":"INFO","msg":"request completed","method":"GET","route":"/api/v1/orders/:id","status":200,"duration":737917,"request_id":"3c253254-1b2d-44de-9e46-6bddc98bb360","actor_id":"01a105ce-798f-75b8-adf7-02dc7554d39e"}
{"time":"2026-10-04T13:01:04.008013+05:30","level":"INFO","msg":"request completed","method":"GET","route":"/api/v1/orders/:id","status":200,"duration":798083,"request_id":"fddeb1d8-b4eb-4cd7-a75e-8967a992eb70","actor_id":"01a105ce-798f-75b8-adf7-02dc7554d39e"}
{"time":"2026-10-04T13:01:04.032984+05:30","level":"INFO","msg":"request completed","method":"GET","route":"/api/v1/orders/:id","status":200,"duration":656334,"request_id":"2bd7852e-1eae-4248-8281-61d1d9a04944","actor_id":"01a105ce-798f-75b8-adf7-02dc7554d39e"}
{"time":"2026-10-04T13:01:04.751116+05:30","level":"INFO","msg":"order processing finished","actor_type":"system","run_id":"9f9af902-9c3c-4190-8d09-96a57e6ed36f","outcome":"success","processed":3,"duration":11620625}
{"time":"2026-10-04T13:01:19.086852+05:30","level":"INFO","msg":"request completed","method":"GET","route":"/api/v1/orders/:id","status":200,"duration":3740708,"request_id":"b9f26269-c511-47be-8385-753543e5b72b","actor_id":"01a105ce-798f-75b8-adf7-02dc7554d39e"}
{"time":"2026-10-04T13:01:19.153115+05:30","level":"INFO","msg":"request completed","method":"GET","route":"/api/v1/orders/:id","status":200,"duration":2232542,"request_id":"aa2934d1-910e-4d77-8b57-b8e03a17a112","actor_id":"01a105ce-798f-75b8-adf7-02dc7554d39e"}
{"time":"2026-10-04T13:01:19.179601+05:30","level":"INFO","msg":"request completed","method":"GET","route":"/api/v1/orders/:id","status":200,"duration":662250,"request_id":"ba2a3d2d-c6b5-43ba-81b8-bdd824edf578","actor_id":"01a105ce-798f-75b8-adf7-02dc7554d39e"}
{"time":"2026-10-04T13:01:19.204101+05:30","level":"INFO","msg":"request completed","method":"GET","route":"/api/v1/orders/:id","status":200,"duration":784875,"request_id":"cdbdd0a3-7759-41cd-a96f-c6b5e10fdf08","actor_id":"01a105ce-798f-75b8-adf7-02dc7554d39e"}
{"time":"2026-10-04T13:01:19.22849+05:30","level":"INFO","msg":"request completed","method":"GET","route":"/api/v1/orders/:id","status":200,"duration":831125,"request_id":"bd43cd61-0837-4e44-b1de-a902cdc67849","actor_id":"01a105ce-798f-75b8-adf7-02dc7554d39e"}
{"time":"2026-10-04T13:01:34.310646+05:30","level":"INFO","msg":"request completed","method":"GET","route":"/api/v1/orders/:id","status":200,"duration":28170750,"request_id":"7f51dbbf-b2a0-465b-b0d6-c80c0720f6c8","actor_id":"01a105ce-798f-75b8-adf7-02dc7554d39e"}
{"time":"2026-10-04T13:01:34.404663+05:30","level":"INFO","msg":"request completed","method":"GET","route":"/api/v1/orders/:id","status":200,"duration":1246375,"request_id":"d0f71cb1-b3c6-45da-b094-e9bbe442dd27","actor_id":"01a105ce-798f-75b8-adf7-02dc7554d39e"}
{"time":"2026-10-04T13:01:34.434852+05:30","level":"INFO","msg":"request completed","method":"GET","route":"/api/v1/orders/:id","status":200,"duration":1565292,"request_id":"20c37c00-0a10-4831-b9c1-26b2b28eaa2a","actor_id":"01a105ce-798f-75b8-adf7-02dc7554d39e"}
{"time":"2026-10-04T13:01:34.458067+05:30","level":"INFO","msg":"request completed","method":"GET","route":"/api/v1/orders/:id","status":200,"duration":684584,"request_id":"f9f2a7fc-fe10-494f-be24-541e8c20e4e4","actor_id":"01a105ce-798f-75b8-adf7-02dc7554d39e"}
{"time":"2026-10-04T13:01:34.481167+05:30","level":"INFO","msg":"request completed","method":"GET","route":"/api/v1/orders/:id","status":200,"duration":732083,"request_id":"2908c4c3-d11d-4699-a16b-c370012eba11","actor_id":"01a105ce-798f-75b8-adf7-02dc7554d39e"}
{"time":"2026-10-04T13:01:49.539636+05:30","level":"INFO","msg":"request completed","method":"GET","route":"/api/v1/orders/:id","status":200,"duration":14532667,"request_id":"bf63e509-086e-4afe-9358-99439873a8c5","actor_id":"01a105ce-798f-75b8-adf7-02dc7554d39e"}
{"time":"2026-10-04T13:01:49.577221+05:30","level":"INFO","msg":"request completed","method":"GET","route":"/api/v1/orders/:id","status":200,"duration":743333,"request_id":"84573bae-df86-4b00-a142-b1499b7b9ee4","actor_id":"01a105ce-798f-75b8-adf7-02dc7554d39e"}
{"time":"2026-10-04T13:01:49.600793+05:30","level":"INFO","msg":"request completed","method":"GET","route":"/api/v1/orders/:id","status":200,"duration":823000,"request_id":"74f57753-2a1c-4684-a0dc-c2dd180785a5","actor_id":"01a105ce-798f-75b8-adf7-02dc7554d39e"}
{"time":"2026-10-04T13:01:49.629233+05:30","level":"INFO","msg":"request completed","method":"GET","route":"/api/v1/orders/:id","status":200,"duration":2545917,"request_id":"512a01b3-0f69-45f9-9cec-36acff23069c","actor_id":"01a105ce-798f-75b8-adf7-02dc7554d39e"}
{"time":"2026-10-04T13:01:49.652895+05:30","level":"INFO","msg":"request completed","method":"GET","route":"/api/v1/orders/:id","status":200,"duration":946000,"request_id":"ffc6aeed-3ea8-4e6a-bd0a-ea271b0d077e","actor_id":"01a105ce-798f-75b8-adf7-02dc7554d39e"}
{"time":"2026-10-04T13:02:04.708255+05:30","level":"INFO","msg":"request completed","method":"GET","route":"/api/v1/orders/:id","status":200,"duration":6439042,"request_id":"6f724b95-c321-4807-bd24-74817a07f4ad","actor_id":"01a105ce-798f-75b8-adf7-02dc7554d39e"}
{"time":"2026-10-04T13:02:04.743252+05:30","level":"INFO","msg":"request completed","method":"GET","route":"/api/v1/orders/:id","status":200,"duration":602708,"request_id":"c4587797-5458-48fd-901b-be15036bc490","actor_id":"01a105ce-798f-75b8-adf7-02dc7554d39e"}
{"time":"2026-10-04T13:02:04.770384+05:30","level":"INFO","msg":"request completed","method":"GET","route":"/api/v1/orders/:id","status":200,"duration":703667,"request_id":"6f1f4c63-f978-4589-bc70-ed1b751bf699","actor_id":"01a105ce-798f-75b8-adf7-02dc7554d39e"}
{"time":"2026-10-04T13:02:04.796496+05:30","level":"INFO","msg":"request completed","method":"GET","route":"/api/v1/orders/:id","status":200,"duration":1640750,"request_id":"8a70247e-4e70-4d7e-bf01-e3ffc54d5227","actor_id":"01a105ce-798f-75b8-adf7-02dc7554d39e"}
{"time":"2026-10-04T13:02:04.821844+05:30","level":"INFO","msg":"request completed","method":"GET","route":"/api/v1/orders/:id","status":200,"duration":730958,"request_id":"33626c0e-beb7-4e79-adda-6277369e349a","actor_id":"01a105ce-798f-75b8-adf7-02dc7554d39e"}
{"time":"2026-10-04T13:02:19.925249+05:30","level":"INFO","msg":"request completed","method":"GET","route":"/api/v1/orders/:id","status":200,"duration":58895875,"request_id":"9c108daf-f93b-4cb8-9e38-dd2fbb5021f6","actor_id":"01a105ce-798f-75b8-adf7-02dc7554d39e"}
{"time":"2026-10-04T13:02:19.939145+05:30","level":"INFO","msg":"request completed","method":"GET","route":"/api/v1/orders/:id","status":200,"duration":1164000,"request_id":"c3303905-556a-472f-bb2c-9e22106a25b3","actor_id":"01a105ce-798f-75b8-adf7-02dc7554d39e"}
{"time":"2026-10-04T13:02:19.964242+05:30","level":"INFO","msg":"request completed","method":"GET","route":"/api/v1/orders/:id","status":200,"duration":1234667,"request_id":"bb7253ae-f9d5-4956-a4a8-99cfc63cefd4","actor_id":"01a105ce-798f-75b8-adf7-02dc7554d39e"}
{"time":"2026-10-04T13:02:19.990606+05:30","level":"INFO","msg":"request completed","method":"GET","route":"/api/v1/orders/:id","status":200,"duration":1715792,"request_id":"f925087e-8950-4682-b6a7-201c0d39cd3d","actor_id":"01a105ce-798f-75b8-adf7-02dc7554d39e"}
{"time":"2026-10-04T13:02:20.013487+05:30","level":"INFO","msg":"request completed","method":"GET","route":"/api/v1/orders/:id","status":200,"duration":841167,"request_id":"800ed559-441b-4437-86e8-170b9a5835c0","actor_id":"01a105ce-798f-75b8-adf7-02dc7554d39e"}
{"time":"2026-10-04T13:02:35.057485+05:30","level":"INFO","msg":"request completed","method":"GET","route":"/api/v1/orders/:id","status":200,"duration":867417,"request_id":"eaeffa74-1fb7-4214-bc91-7f990bbd4dff","actor_id":"01a105ce-798f-75b8-adf7-02dc7554d39e"}
{"time":"2026-10-04T13:02:35.089804+05:30","level":"INFO","msg":"request completed","method":"GET","route":"/api/v1/orders/:id","status":200,"duration":1129208,"request_id":"5bb48e5f-e79e-44b4-8e2b-778e64f9a7a4","actor_id":"01a105ce-798f-75b8-adf7-02dc7554d39e"}
{"time":"2026-10-04T13:02:35.114863+05:30","level":"INFO","msg":"request completed","method":"GET","route":"/api/v1/orders/:id","status":200,"duration":762875,"request_id":"9c3bcd28-b1aa-4664-9bf1-3a0b558182d5","actor_id":"01a105ce-798f-75b8-adf7-02dc7554d39e"}
{"time":"2026-10-04T13:02:35.13948+05:30","level":"INFO","msg":"request completed","method":"GET","route":"/api/v1/orders/:id","status":200,"duration":673166,"request_id":"acb3831b-39f1-4e1c-867b-b1d7065e86d7","actor_id":"01a105ce-798f-75b8-adf7-02dc7554d39e"}
{"time":"2026-10-04T13:02:35.163817+05:30","level":"INFO","msg":"request completed","method":"GET","route":"/api/v1/orders/:id","status":200,"duration":1094333,"request_id":"0ea0df05-d8b6-4335-9e86-acf293f6b51e","actor_id":"01a105ce-798f-75b8-adf7-02dc7554d39e"}
{"time":"2026-10-04T13:02:50.214509+05:30","level":"INFO","msg":"request completed","method":"GET","route":"/api/v1/orders/:id","status":200,"duration":4731666,"request_id":"354eb82e-6f8d-49db-8e4e-cfdb4cd83c43","actor_id":"01a105ce-798f-75b8-adf7-02dc7554d39e"}
{"time":"2026-10-04T13:02:50.253999+05:30","level":"INFO","msg":"request completed","method":"GET","route":"/api/v1/orders/:id","status":200,"duration":768417,"request_id":"f3500db1-4398-4b5d-8b0e-11facaf859a4","actor_id":"01a105ce-798f-75b8-adf7-02dc7554d39e"}
{"time":"2026-10-04T13:02:50.277437+05:30","level":"INFO","msg":"request completed","method":"GET","route":"/api/v1/orders/:id","status":200,"duration":748042,"request_id":"4f31c40c-e571-4dcc-ad11-8b5f4ad903de","actor_id":"01a105ce-798f-75b8-adf7-02dc7554d39e"}
{"time":"2026-10-04T13:02:50.301229+05:30","level":"INFO","msg":"request completed","method":"GET","route":"/api/v1/orders/:id","status":200,"duration":900834,"request_id":"137c0ad9-c6bb-4288-81bf-ee913f1d27f6","actor_id":"01a105ce-798f-75b8-adf7-02dc7554d39e"}
{"time":"2026-10-04T13:02:50.323483+05:30","level":"INFO","msg":"request completed","method":"GET","route":"/api/v1/orders/:id","status":200,"duration":860667,"request_id":"9107d4b0-5ab5-40ac-9ec3-aa2f20178553","actor_id":"01a105ce-798f-75b8-adf7-02dc7554d39e"}
{"time":"2026-10-04T13:03:05.409605+05:30","level":"INFO","msg":"request completed","method":"GET","route":"/api/v1/orders/:id","status":200,"duration":34824208,"request_id":"e7464958-da82-4700-9f4e-239d9a8de33d","actor_id":"01a105ce-798f-75b8-adf7-02dc7554d39e"}
{"time":"2026-10-04T13:03:05.426355+05:30","level":"INFO","msg":"request completed","method":"GET","route":"/api/v1/orders/:id","status":200,"duration":758458,"request_id":"40fcb379-c7c1-43a4-af37-d0a6fed315c6","actor_id":"01a105ce-798f-75b8-adf7-02dc7554d39e"}
{"time":"2026-10-04T13:03:05.451633+05:30","level":"INFO","msg":"request completed","method":"GET","route":"/api/v1/orders/:id","status":200,"duration":700000,"request_id":"62899164-9d5f-4201-8d8a-8ce167a9b695","actor_id":"01a105ce-798f-75b8-adf7-02dc7554d39e"}
{"time":"2026-10-04T13:03:05.474007+05:30","level":"INFO","msg":"request completed","method":"GET","route":"/api/v1/orders/:id","status":200,"duration":736708,"request_id":"dd88e687-64af-41f5-af13-001b8207e24f","actor_id":"01a105ce-798f-75b8-adf7-02dc7554d39e"}
{"time":"2026-10-04T13:03:05.497487+05:30","level":"INFO","msg":"request completed","method":"GET","route":"/api/v1/orders/:id","status":200,"duration":810041,"request_id":"d4b93b24-b161-4e04-b992-d0cbf51078bc","actor_id":"01a105ce-798f-75b8-adf7-02dc7554d39e"}
{"time":"2026-10-04T13:03:20.602554+05:30","level":"INFO","msg":"request completed","method":"GET","route":"/api/v1/orders/:id","status":200,"duration":28690500,"request_id":"719eaa2a-ed65-4248-b74a-62dfedd806ba","actor_id":"01a105ce-798f-75b8-adf7-02dc7554d39e"}
{"time":"2026-10-04T13:03:20.614767+05:30","level":"INFO","msg":"request completed","method":"GET","route":"/api/v1/orders/:id","status":200,"duration":1034208,"request_id":"00236c81-acff-468e-8160-7ebccc60d737","actor_id":"01a105ce-798f-75b8-adf7-02dc7554d39e"}
{"time":"2026-10-04T13:03:20.638128+05:30","level":"INFO","msg":"request completed","method":"GET","route":"/api/v1/orders/:id","status":200,"duration":781042,"request_id":"ec04cd02-66b4-4c43-92a5-b913383ba40b","actor_id":"01a105ce-798f-75b8-adf7-02dc7554d39e"}
{"time":"2026-10-04T13:03:20.660763+05:30","level":"INFO","msg":"request completed","method":"GET","route":"/api/v1/orders/:id","status":200,"duration":660917,"request_id":"f30bd982-2f05-40c0-b4ee-a6ddd2d3110e","actor_id":"01a105ce-798f-75b8-adf7-02dc7554d39e"}
{"time":"2026-10-04T13:03:20.683642+05:30","level":"INFO","msg":"request completed","method":"GET","route":"/api/v1/orders/:id","status":200,"duration":852375,"request_id":"81c7127f-beb1-4481-97cf-3a6e19ed546a","actor_id":"01a105ce-798f-75b8-adf7-02dc7554d39e"}
{"time":"2026-10-04T13:03:35.742091+05:30","level":"INFO","msg":"request completed","method":"GET","route":"/api/v1/orders/:id","status":200,"duration":1301959,"request_id":"311c6b8d-65c6-454a-8655-7dab976bde4f","actor_id":"01a105ce-798f-75b8-adf7-02dc7554d39e"}
{"time":"2026-10-04T13:03:35.798728+05:30","level":"INFO","msg":"request completed","method":"GET","route":"/api/v1/orders/:id","status":200,"duration":898875,"request_id":"8c41de93-ba38-4b1f-ae18-55fd3d8748d9","actor_id":"01a105ce-798f-75b8-adf7-02dc7554d39e"}
{"time":"2026-10-04T13:03:35.824167+05:30","level":"INFO","msg":"request completed","method":"GET","route":"/api/v1/orders/:id","status":200,"duration":716125,"request_id":"63d12037-4d72-4742-aea2-58c8ec268d04","actor_id":"01a105ce-798f-75b8-adf7-02dc7554d39e"}
{"time":"2026-10-04T13:03:35.847634+05:30","level":"INFO","msg":"request completed","method":"GET","route":"/api/v1/orders/:id","status":200,"duration":968959,"request_id":"37bb696b-2795-4ac1-954a-7d6cf05ce1fb","actor_id":"01a105ce-798f-75b8-adf7-02dc7554d39e"}
{"time":"2026-10-04T13:03:35.869916+05:30","level":"INFO","msg":"request completed","method":"GET","route":"/api/v1/orders/:id","status":200,"duration":693875,"request_id":"b0c2d1bc-022c-4ea0-aa07-34b62b2ec6f9","actor_id":"01a105ce-798f-75b8-adf7-02dc7554d39e"}
{"time":"2026-10-04T13:03:50.919388+05:30","level":"INFO","msg":"request completed","method":"GET","route":"/api/v1/orders/:id","status":200,"duration":2359667,"request_id":"21b433fa-2ac3-4c7c-a495-9491c525dac6","actor_id":"01a105ce-798f-75b8-adf7-02dc7554d39e"}
{"time":"2026-10-04T13:03:50.963251+05:30","level":"INFO","msg":"request completed","method":"GET","route":"/api/v1/orders/:id","status":200,"duration":1088791,"request_id":"6bc106ce-129a-4f84-86cf-2c18a7ac9347","actor_id":"01a105ce-798f-75b8-adf7-02dc7554d39e"}
{"time":"2026-10-04T13:03:50.989264+05:30","level":"INFO","msg":"request completed","method":"GET","route":"/api/v1/orders/:id","status":200,"duration":815292,"request_id":"f928d83c-d874-4927-aea5-0a1dc017f6fc","actor_id":"01a105ce-798f-75b8-adf7-02dc7554d39e"}
{"time":"2026-10-04T13:03:51.0143+05:30","level":"INFO","msg":"request completed","method":"GET","route":"/api/v1/orders/:id","status":200,"duration":633917,"request_id":"23bce604-8be7-4b9a-81e5-0dc7a8043480","actor_id":"01a105ce-798f-75b8-adf7-02dc7554d39e"}
{"time":"2026-10-04T13:03:51.038491+05:30","level":"INFO","msg":"request completed","method":"GET","route":"/api/v1/orders/:id","status":200,"duration":702875,"request_id":"5157e268-9004-44e8-8131-19ed3a196489","actor_id":"01a105ce-798f-75b8-adf7-02dc7554d39e"}
{"time":"2026-10-04T13:04:06.1142+05:30","level":"INFO","msg":"request completed","method":"GET","route":"/api/v1/orders/:id","status":200,"duration":35615167,"request_id":"e2e7fa47-dc2a-4385-9b69-29c90d72d8ff","actor_id":"01a105ce-798f-75b8-adf7-02dc7554d39e"}
{"time":"2026-10-04T13:04:06.132228+05:30","level":"INFO","msg":"request completed","method":"GET","route":"/api/v1/orders/:id","status":200,"duration":698333,"request_id":"69dcc0f9-503b-4809-9a2a-7bde254224d4","actor_id":"01a105ce-798f-75b8-adf7-02dc7554d39e"}
{"time":"2026-10-04T13:04:06.159289+05:30","level":"INFO","msg":"request completed","method":"GET","route":"/api/v1/orders/:id","status":200,"duration":800041,"request_id":"ee934577-019e-4dad-8dda-a72477bd1aef","actor_id":"01a105ce-798f-75b8-adf7-02dc7554d39e"}
{"time":"2026-10-04T13:04:06.182899+05:30","level":"INFO","msg":"request completed","method":"GET","route":"/api/v1/orders/:id","status":200,"duration":859125,"request_id":"db511256-b3c3-449d-92fe-f17134969f3e","actor_id":"01a105ce-798f-75b8-adf7-02dc7554d39e"}
{"time":"2026-10-04T13:04:06.20769+05:30","level":"INFO","msg":"request completed","method":"GET","route":"/api/v1/orders/:id","status":200,"duration":893959,"request_id":"2b4917b7-168c-4ec3-950f-15d309ea5605","actor_id":"01a105ce-798f-75b8-adf7-02dc7554d39e"}
{"time":"2026-10-04T13:04:21.276731+05:30","level":"INFO","msg":"request completed","method":"GET","route":"/api/v1/orders/:id","status":200,"duration":4377541,"request_id":"0ad2f965-e55c-4a0c-8153-52011b7185f4","actor_id":"01a105ce-798f-75b8-adf7-02dc7554d39e"}
{"time":"2026-10-04T13:04:21.3193+05:30","level":"INFO","msg":"request completed","method":"GET","route":"/api/v1/orders/:id","status":200,"duration":941375,"request_id":"70b43702-5980-4998-b49d-4e63c75ed45a","actor_id":"01a105ce-798f-75b8-adf7-02dc7554d39e"}
{"time":"2026-10-04T13:04:21.345032+05:30","level":"INFO","msg":"request completed","method":"GET","route":"/api/v1/orders/:id","status":200,"duration":876417,"request_id":"2d23a541-2e89-458a-8e12-85c29ec0a641","actor_id":"01a105ce-798f-75b8-adf7-02dc7554d39e"}
{"time":"2026-10-04T13:04:21.368767+05:30","level":"INFO","msg":"request completed","method":"GET","route":"/api/v1/orders/:id","status":200,"duration":854500,"request_id":"2d360148-dcb3-4ef4-b1e2-9b4060cc2426","actor_id":"01a105ce-798f-75b8-adf7-02dc7554d39e"}
{"time":"2026-10-04T13:04:21.392756+05:30","level":"INFO","msg":"request completed","method":"GET","route":"/api/v1/orders/:id","status":200,"duration":672459,"request_id":"3242b2c8-b238-484a-871b-e9dd87be653d","actor_id":"01a105ce-798f-75b8-adf7-02dc7554d39e"}
{"time":"2026-10-04T13:06:04.745562+05:30","level":"INFO","msg":"order processing finished","actor_type":"system","run_id":"4be2d957-21d7-4292-a365-f38ee4d75243","outcome":"success","processed":0,"duration":4367208}
{"time":"2026-10-04T13:07:42.057077+05:30","level":"INFO","msg":"request completed","method":"GET","route":"/api/v1/ready","status":200,"duration":1379250,"request_id":"709ebfb9-41ce-4c3e-8dbf-08b67e44273b"}
{"time":"2026-10-04T13:08:45.993672+05:30","level":"INFO","msg":"request completed","method":"GET","route":"/api/v1/orders/:id","status":200,"duration":6733250,"request_id":"4f6d9564-84e0-4ed6-a56f-f0b7717dda84","actor_id":"01a105ce-798f-75b8-adf7-02dc7554d39e"}
{"time":"2026-10-04T13:10:02.086683+05:30","level":"INFO","msg":"request completed","method":"POST","route":"/api/v1/orders/:id/cancel","status":409,"duration":6250167,"request_id":"36a83ad8-d7ff-4ad6-9ee6-4d9270a51758","actor_id":"01a105ce-798f-75b8-adf7-02dc7554d39e"}
{"time":"2026-10-04T13:10:07.131452+05:30","level":"INFO","msg":"mutation","action":"order.create","resource_id":"01a105db-1857-7524-8998-10767649b4ec","outcome":"committed","status":"PENDING","request_id":"a1247eb4-41b4-4a40-ac13-b4a690c2c2bf","actor_id":"01a105ce-798f-75b8-adf7-02dc7554d39e"}
{"time":"2026-10-04T13:10:07.1315+05:30","level":"INFO","msg":"request completed","method":"POST","route":"/api/v1/orders","status":201,"duration":5455792,"request_id":"a1247eb4-41b4-4a40-ac13-b4a690c2c2bf","actor_id":"01a105ce-798f-75b8-adf7-02dc7554d39e"}
{"time":"2026-10-04T13:10:07.168482+05:30","level":"INFO","msg":"request completed","method":"GET","route":"/api/v1/orders/:id","status":200,"duration":718833,"request_id":"6e9df376-348d-48bb-8e58-21c652574491","actor_id":"01a105ce-798f-75b8-adf7-02dc7554d39e"}
{"time":"2026-10-04T13:11:04.755937+05:30","level":"INFO","msg":"order processing finished","actor_type":"system","run_id":"f51b6211-9e3e-4542-802b-1c778c95b19c","outcome":"success","processed":1,"duration":14977166}
{"time":"2026-10-04T13:11:09.462016+05:30","level":"INFO","msg":"mutation","action":"order.create","resource_id":"01a105dc-0bd4-77a8-a39d-6ba5de009c61","outcome":"committed","status":"PENDING","request_id":"cacedc48-bf96-4aa0-ba3f-e887c151e456","actor_id":"01a105ce-798f-75b8-adf7-02dc7554d39e"}
{"time":"2026-10-04T13:11:09.462064+05:30","level":"INFO","msg":"request completed","method":"POST","route":"/api/v1/orders","status":201,"duration":4810083,"request_id":"cacedc48-bf96-4aa0-ba3f-e887c151e456","actor_id":"01a105ce-798f-75b8-adf7-02dc7554d39e"}
{"time":"2026-10-04T13:11:09.500763+05:30","level":"INFO","msg":"mutation","action":"order.create","resource_id":"01a105dc-0bfc-714f-b2f6-a708a2b8bc3e","outcome":"committed","status":"PENDING","request_id":"fc832b7f-88e4-43ee-8dc9-3079ba836569","actor_id":"01a105ce-798f-75b8-adf7-02dc7554d39e"}
{"time":"2026-10-04T13:11:09.500788+05:30","level":"INFO","msg":"request completed","method":"POST","route":"/api/v1/orders","status":201,"duration":1514542,"request_id":"fc832b7f-88e4-43ee-8dc9-3079ba836569","actor_id":"01a105ce-798f-75b8-adf7-02dc7554d39e"}
{"time":"2026-10-04T13:15:54.889098+05:30","level":"INFO","msg":"mutation","action":"order.create","resource_id":"01a105e0-66c7-74de-ad94-36579ad7b8e9","outcome":"committed","status":"PENDING","request_id":"1f073287-e956-4698-9b91-eaee2396840e","actor_id":"01a105ce-798f-75b8-adf7-02dc7554d39e"}
{"time":"2026-10-04T13:15:54.889167+05:30","level":"INFO","msg":"request completed","method":"POST","route":"/api/v1/orders","status":201,"duration":4495292,"request_id":"1f073287-e956-4698-9b91-eaee2396840e","actor_id":"01a105ce-798f-75b8-adf7-02dc7554d39e"}
{"time":"2026-10-04T13:16:04.745661+05:30","level":"INFO","msg":"order processing finished","actor_type":"system","run_id":"1915eccf-5178-4309-ae6d-fcf73c74cdbe","outcome":"success","processed":3,"duration":3647666}
{"time":"2026-10-04T13:16:15.001321+05:30","level":"INFO","msg":"mutation","action":"order.create","resource_id":"01a105e0-b556-79a8-a08b-a5608268d443","outcome":"committed","status":"PENDING","request_id":"b8febd01-f710-47df-bbcc-1f8ad8ab0a3f","actor_id":"01a105ce-798f-75b8-adf7-02dc7554d39e"}
{"time":"2026-10-04T13:16:15.001436+05:30","level":"INFO","msg":"request completed","method":"POST","route":"/api/v1/orders","status":201,"duration":7949708,"request_id":"b8febd01-f710-47df-bbcc-1f8ad8ab0a3f","actor_id":"01a105ce-798f-75b8-adf7-02dc7554d39e"}
{"time":"2026-10-04T13:16:20.118338+05:30","level":"INFO","msg":"request completed","method":"GET","route":"/api/v1/orders/:id","status":200,"duration":25272750,"request_id":"c66be35c-c8dc-4369-89e1-0908e697bdfe","actor_id":"01a105ce-798f-75b8-adf7-02dc7554d39e"}
{"time":"2026-10-04T13:16:20.132376+05:30","level":"INFO","msg":"request completed","method":"GET","route":"/api/v1/orders/:id","status":200,"duration":1041208,"request_id":"2d0a78ac-82a0-45a8-a890-0938605dfd18","actor_id":"01a105ce-798f-75b8-adf7-02dc7554d39e"}
{"time":"2026-10-04T13:16:20.156686+05:30","level":"INFO","msg":"request completed","method":"GET","route":"/api/v1/orders/:id","status":200,"duration":1136750,"request_id":"221cea48-ce9a-4517-8d1b-602aae3e7e8b","actor_id":"01a105ce-798f-75b8-adf7-02dc7554d39e"}
{"time":"2026-10-04T13:16:20.179501+05:30","level":"INFO","msg":"request completed","method":"GET","route":"/api/v1/orders/:id","status":200,"duration":715041,"request_id":"eff2087e-fbe8-4b62-b750-83ece3dc946e","actor_id":"01a105ce-798f-75b8-adf7-02dc7554d39e"}
{"time":"2026-10-04T13:21:04.806965+05:30","level":"INFO","msg":"order processing finished","actor_type":"system","run_id":"be7dc3c0-ec36-4311-9475-26eef4163a6f","outcome":"success","processed":1,"duration":61847541}
{"time":"2026-10-04T13:22:06.148318+05:30","level":"INFO","msg":"request completed","method":"GET","route":"/api/v1/orders/:id","status":200,"duration":7572209,"request_id":"9259ab16-197e-4549-9e42-3274ddc5215e","actor_id":"01a105ce-798f-75b8-adf7-02dc7554d39e"}
{"time":"2026-10-04T13:22:06.221604+05:30","level":"INFO","msg":"request completed","method":"GET","route":"/api/v1/ready","status":200,"duration":642542,"request_id":"edda7273-6fba-4653-b0b6-b55436861719"}
